[Licensing::Module] Trying to connect to existing licensing client channel...
Built from '6000.2/staging' branch; Version is '6000.2.2f1 (ea398eefe1c2) revision 15350158'; Using compiler version '194234433'; Build Type 'Release'
[Licensing::IpcConnector] Successfully connected to: "LicenseClient-Achak" at "2026-03-28T03:31:32.1182375Z"
OS: 'Windows 11  (10.0.26200) 64bit Professional' Language: 'en' Physical Memory: 16194 MB
BatchMode: 1, IsHumanControllingUs: 0, StartBugReporterOnCrash: 0, Is64bit: 1
Date: 2026-03-28T03:31:32Z

COMMAND LINE ARGUMENTS:
C:\Program Files\Unity\Hub\Editor\6000.2.2f1\Editor\Unity.exe
-runTests
-batchmode
-projectPath
.
-testPlatform
EditMode
-testFilter
CardBattle.Tests.ShopPropertyTests
-testResults
TestResults.xml
-logFile
test_log.txt
Successfully changed project path to: C:/Users/Achak/Documents/GitHub/video-games-project
C:/Users/Achak/Documents/GitHub/video-games-project
It looks like another Unity instance is running with this project open.

Multiple Unity instances cannot open the same project.

Project: C:/Users/Achak/Documents/GitHub/video-games-project
Fatal Error! It looks like another Unity instance is running with this project open.

Multiple Unity instances cannot open the same project.

Project: C:/Users/Achak/Documents/GitHub/video-games-project
Crash!!!
SymInit: Symbol-SearchPath: 'C:/Program Files/Unity/Hub/Editor/6000.2.2f1/Editor/Data/Mono;.;C:\Users\Achak\Documents\GitHub\video-games-project;C:\Users\Achak\Documents\GitHub\video-games-project\Library\BurstCache\JIT;C:\Program Files\Unity\Hub\Editor\6000.2.2f1\Editor;C:\WINDOWS;C:\WINDOWS\system32;', symOptions: 534, UserName: 'Achak'
OS-Version: 10.0.0
C:\Program Files\Unity\Hub\Editor\6000.2.2f1\Editor\Unity.exe:Unity.exe (00007FF7EFC70000), size: 290816 (result: 0), SymType: '-deferred-', PDB: '', fileVersion: 6000.2.2.14734
C:\WINDOWS\SYSTEM32\ntdll.dll:ntdll.dll (00007FF8619A0000), size: 2519040 (result: 0), SymType: '-deferred-', PDB: '', fileVersion: 10.0.26100.7920
C:\WINDOWS\System32\KERNEL32.DLL:KERNEL32.DLL (00007FF860CC0000), size: 823296 (result: 0), SymType: '-deferred-', PDB: '', fileVersion: 10.0.26100.7920
C:\WINDOWS\System32\KERNELBASE.dll:KERNELBASE.dll (00007FF85E6F0000), size: 4132864 (result: 0), SymType: '-deferred-', PDB: '', fileVersion: 10.0.26100.7920
C:\WINDOWS\System32\USER32.dll:USER32.dll (00007FF8614A0000), size: 1855488 (result: 0), SymType: '-deferred-', PDB: '', fileVersion: 10.0.26100.7920
C:\WINDOWS\System32\win32u.dll:win32u.dll (00007FF85E280000), size: 159744 (result: 0), SymType: '-deferred-', PDB: '', fileVersion: 10.0.26100.8036
C:\WINDOWS\System32\GDI32.dll:GDI32.dll (00007FF861920000), size: 176128 (result: 0), SymType: '-deferred-', PDB: '', fileVersion: 10.0.26100.8036
C:\WINDOWS\System32\gdi32full.dll:gdi32full.dll (00007FF85ECE0000), size: 1224704 (result: 0), SymType: '-deferred-', PDB: '', fileVersion: 10.0.26100.8036
C:\WINDOWS\System32\msvcp_win.dll:msvcp_win.dll (00007FF85EAF0000), size: 667648 (result: 0), SymType: '-deferred-', PDB: '', fileVersion: 10.0.26100.7623
C:\WINDOWS\System32\ucrtbase.dll:ucrtbase.dll (00007FF85E5A0000), size: 1355776 (result: 0), SymType: '-deferred-', PDB: '', fileVersion: 10.0.26100.7623
C:\WINDOWS\System32\IMM32.DLL:IMM32.DLL (00007FF85FCC0000), size: 200704 (result: 0), SymType: '-deferred-', PDB: '', fileVersion: 10.0.26100.7309
C:\Program Files\Unity\Hub\Editor\6000.2.2f1\Editor\Unity.dll:Unity.dll (00007FFF83BC0000), size: 87662592 (result: 0), SymType: '-deferred-', PDB: '', fileVersion: 6000.2.2.14734
C:\WINDOWS\System32\CRYPT32.dll:CRYPT32.dll (00007FF85E420000), size: 1536000 (result: 0), SymType: '-deferred-', PDB: '', fileVersion: 10.0.26100.7309
C:\WINDOWS\System32\ADVAPI32.dll:ADVAPI32.dll (00007FF85FFD0000), size: 765952 (result: 0), SymType: '-deferred-', PDB: '', fileVersion: 10.0.26100.7920
C:\WINDOWS\System32\msvcrt.dll:msvcrt.dll (00007FF8617E0000), size: 692224 (result: 0), SymType: '-deferred-', PDB: '', fileVersion: 7.0.26100.7623
C:\WINDOWS\System32\sechost.dll:sechost.dll (00007FF85FD00000), size: 684032 (result: 0), SymType: '-deferred-', PDB: '', fileVersion: 10.0.26100.7920
C:\WINDOWS\System32\RPCRT4.dll:RPCRT4.dll (00007FF8616C0000), size: 1146880 (result: 0), SymType: '-deferred-', PDB: '', fileVersion: 10.0.26100.8036
C:\Program Files\Unity\Hub\Editor\6000.2.2f1\Editor\etccompress.dll:etccompress.dll (00007FFF9C9F0000), size: 5070848 (result: 0), SymType: '-deferred-', PDB: ''
C:\Program Files\Unity\Hub\Editor\6000.2.2f1\Editor\s3tcompress.dll:s3tcompress.dll (00007FFF9F420000), size: 180224 (result: 0), SymType: '-deferred-', PDB: ''
C:\Program Files\Unity\Hub\Editor\6000.2.2f1\Editor\libfbxsdk.dll:libfbxsdk.dll (00007FFF9C110000), size: 8019968 (result: 0), SymType: '-deferred-', PDB: '', fileVersion: 2020.3.7.0
C:\WINDOWS\System32\ole32.dll:ole32.dll (00007FF85FE30000), size: 1658880 (result: 0), SymType: '-deferred-', PDB: '', fileVersion: 10.0.26100.7920
C:\WINDOWS\System32\combase.dll:combase.dll (00007FF85F920000), size: 3678208 (result: 0), SymType: '-deferred-', PDB: '', fileVersion: 10.0.26100.7920
C:\Program Files\Unity\Hub\Editor\6000.2.2f1\Editor\compress_bc7e.dll:compress_bc7e.dll (00007FFF9ED60000), size: 1433600 (result: 0), SymType: '-deferred-', PDB: ''
C:\Program Files\Unity\Hub\Editor\6000.2.2f1\Editor\ispc_texcomp.dll:ispc_texcomp.dll (00007FFF9EFF0000), size: 1826816 (result: 0), SymType: '-deferred-', PDB: ''
C:\Program Files\Unity\Hub\Editor\6000.2.2f1\Editor\FreeImage.dll:FreeImage.dll (0000000180000000), size: 5783552 (result: 0), SymType: '-deferred-', PDB: '', fileVersion: 3.18.0.0
C:\WINDOWS\System32\SETUPAPI.dll:SETUPAPI.dll (00007FF860F10000), size: 4747264 (result: 0), SymType: '-deferred-', PDB: '', fileVersion: 10.0.26100.7920
C:\WINDOWS\System32\WS2_32.dll:WS2_32.dll (00007FF860E90000), size: 475136 (result: 0), SymType: '-deferred-', PDB: '', fileVersion: 10.0.26100.7623
C:\WINDOWS\System32\SHELL32.dll:SHELL32.dll (00007FF860470000), size: 7729152 (result: 0), SymType: '-deferred-', PDB: '', fileVersion: 10.0.26100.7920
C:\Program Files\Unity\Hub\Editor\6000.2.2f1\Editor\umbraoptimizer64.dll:umbraoptimizer64.dll (00007FFF9C8C0000), size: 1187840 (result: 0), SymType: '-deferred-', PDB: ''
C:\WINDOWS\System32\wintypes.dll:wintypes.dll (00007FF85E2B0000), size: 1482752 (result: 0), SymType: '-deferred-', PDB: '', fileVersion: 10.0.26100.7920
C:\Program Files\Unity\Hub\Editor\6000.2.2f1\Editor\WinPixEventRuntime.dll:WinPixEventRuntime.dll (00007FF839050000), size: 57344 (result: 0), SymType: '-deferred-', PDB: '', fileVersion: 1.0.2403.8001
C:\WINDOWS\System32\SHLWAPI.dll:SHLWAPI.dll (00007FF860E20000), size: 421888 (result: 0), SymType: '-deferred-', PDB: '', fileVersion: 10.0.26100.7920
C:\WINDOWS\System32\Windows.Storage.dll:Windows.Storage.dll (00007FF85EED0000), size: 8798208 (result: 0), SymType: '-deferred-', PDB: '', fileVersion: 10.0.26100.8036
C:\WINDOWS\System32\OLEAUT32.dll:OLEAUT32.dll (00007FF860BE0000), size: 880640 (result: 0), SymType: '-deferred-', PDB: '', fileVersion: 10.0.26100.7920
C:\WINDOWS\SYSTEM32\MSVCP140.dll:MSVCP140.dll (00007FFF9EF60000), size: 561152 (result: 0), SymType: '-deferred-', PDB: '', fileVersion: 14.44.35211.0
C:\WINDOWS\SYSTEM32\bcrypt.dll:bcrypt.dll (00007FF85E170000), size: 172032 (result: 0), SymType: '-deferred-', PDB: '', fileVersion: 10.0.26100.7623
C:\WINDOWS\System32\WINTRUST.dll:WINTRUST.dll (00007FF85EBA0000), size: 528384 (result: 0), SymType: '-deferred-', PDB: '', fileVersion: 10.0.26100.8036
C:\WINDOWS\SYSTEM32\VCRUNTIME140.dll:VCRUNTIME140.dll (00007FFF9F400000), size: 122880 (result: 0), SymType: '-deferred-', PDB: '', fileVersion: 14.44.35211.0
C:\WINDOWS\WinSxS\amd64_microsoft.windows.common-controls_6595b64144ccf1df_6.0.26100.8037_none_3e092faae333b53b\COMCTL32.dll:COMCTL32.dll (00007FF8426B0000), size: 2699264 (result: 0), SymType: '-deferred-', PDB: '', fileVersion: 6.10.26100.8037
C:\WINDOWS\SYSTEM32\VCRUNTIME140_1.dll:VCRUNTIME140_1.dll (00007FF836900000), size: 49152 (result: 0), SymType: '-deferred-', PDB: '', fileVersion: 14.44.35211.0
C:\WINDOWS\SYSTEM32\d3d11.dll:d3d11.dll (00007FF859E40000), size: 2502656 (result: 0), SymType: '-deferred-', PDB: '', fileVersion: 10.0.26100.7920
C:\WINDOWS\SYSTEM32\d3d12.dll:d3d12.dll (00007FF827800000), size: 143360 (result: 0), SymType: '-deferred-', PDB: '', fileVersion: 10.0.26100.7920
C:\WINDOWS\SYSTEM32\dxgi.dll:dxgi.dll (00007FF85BCF0000), size: 1302528 (result: 0), SymType: '-deferred-', PDB: '', fileVersion: 10.0.26100.7920
C:\WINDOWS\SYSTEM32\dwmapi.dll:dwmapi.dll (00007FF85BE60000), size: 188416 (result: 0), SymType: '-deferred-', PDB: '', fileVersion: 10.0.26100.7920
C:\WINDOWS\SYSTEM32\HID.DLL:HID.DLL (00007FF85C620000), size: 61440 (result: 0), SymType: '-deferred-', PDB: '', fileVersion: 10.0.26100.1150
C:\WINDOWS\SYSTEM32\IPHLPAPI.DLL:IPHLPAPI.DLL (00007FF85CB10000), size: 208896 (result: 0), SymType: '-deferred-', PDB: '', fileVersion: 10.0.26100.7920
C:\WINDOWS\SYSTEM32\OPENGL32.dll:OPENGL32.dll (00007FF83C1E0000), size: 1105920 (result: 0), SymType: '-deferred-', PDB: '', fileVersion: 10.0.26100.7920
C:\WINDOWS\SYSTEM32\WINHTTP.dll:WINHTTP.dll (00007FF855A20000), size: 1208320 (result: 0), SymType: '-deferred-', PDB: '', fileVersion: 10.0.26100.7920
C:\WINDOWS\SYSTEM32\GLU32.dll:GLU32.dll (00007FF839C50000), size: 184320 (result: 0), SymType: '-deferred-', PDB: '', fileVersion: 10.0.26100.1150
C:\WINDOWS\SYSTEM32\WINMM.dll:WINMM.dll (00007FF842950000), size: 217088 (result: 0), SymType: '-deferred-', PDB: '', fileVersion: 10.0.26100.7309
C:\WINDOWS\SYSTEM32\VERSION.dll:VERSION.dll (00007FF856A30000), size: 45056 (result: 0), SymType: '-deferred-', PDB: '', fileVersion: 10.0.26100.1150
C:\Program Files\Unity\Hub\Editor\6000.2.2f1\Editor\SketchUpAPI.dll:SketchUpAPI.dll (00007FFF974A0000), size: 8990720 (result: 0), SymType: '-deferred-', PDB: '', fileVersion: 23.0.0.0
C:\Program Files\Unity\Hub\Editor\6000.2.2f1\Editor\NativeProxyHelper.dll:NativeProxyHelper.dll (00007FFF9BF50000), size: 1789952 (result: 0), SymType: '-deferred-', PDB: ''
C:\WINDOWS\SYSTEM32\WSOCK32.dll:WSOCK32.dll (00007FF837B80000), size: 40960 (result: 0), SymType: '-deferred-', PDB: '', fileVersion: 10.0.26100.1
C:\WINDOWS\SYSTEM32\powrprof.dll:powrprof.dll (00007FF85E0E0000), size: 385024 (result: 0), SymType: '-deferred-', PDB: '', fileVersion: 10.0.26100.3912
C:\Program Files\Unity\Hub\Editor\6000.2.2f1\Editor\SketchUpCommonPreferences.dll:SketchUpCommonPreferences.dll (00007FFF9BED0000), size: 499712 (result: 0), SymType: '-deferred-', PDB: '', fileVersion: 23.0.0.0
C:\WINDOWS\SYSTEM32\Secur32.dll:Secur32.dll (00007FF85B530000), size: 53248 (result: 0), SymType: '-deferred-', PDB: '', fileVersion: 10.0.26100.7705
C:\WINDOWS\SYSTEM32\dxcore.dll:dxcore.dll (00007FF85BCA0000), size: 274432 (result: 0), SymType: '-deferred-', PDB: '', fileVersion: 10.0.26100.7920
C:\WINDOWS\SYSTEM32\SSPICLI.DLL:SSPICLI.DLL (00007FF85D270000), size: 299008 (result: 0), SymType: '-deferred-', PDB: '', fileVersion: 10.0.26100.7920
C:\Program Files\Unity\Hub\Editor\6000.2.2f1\Editor\OpenRL.dll:OpenRL.dll (000001DD52240000), size: 12779520 (result: 0), SymType: '-deferred-', PDB: '', fileVersion: 1.5.0.2907
C:\WINDOWS\SYSTEM32\MSVCP100.dll:MSVCP100.dll (0000000069430000), size: 622592 (result: 0), SymType: '-deferred-', PDB: '', fileVersion: 10.0.40219.325
C:\WINDOWS\SYSTEM32\MSVCR100.dll:MSVCR100.dll (0000000069350000), size: 860160 (result: 0), SymType: '-deferred-', PDB: '', fileVersion: 10.0.40219.325
C:\Program Files\Unity\Hub\Editor\6000.2.2f1\Editor\embree.dll:embree.dll (00007FFF964B0000), size: 16711680 (result: 0), SymType: '-deferred-', PDB: '', fileVersion: 2.14.0.0
C:\WINDOWS\SYSTEM32\cfgmgr32.DLL:cfgmgr32.DLL (00007FF85DE60000), size: 356352 (result: 0), SymType: '-deferred-', PDB: '', fileVersion: 10.0.26100.7309
C:\WINDOWS\SYSTEM32\MSWSOCK.DLL:MSWSOCK.DLL (00007FF85D520000), size: 438272 (result: 0), SymType: '-deferred-', PDB: '', fileVersion: 10.0.26100.7920
C:\Program Files\Unity\Hub\Editor\6000.2.2f1\Editor\tbb.dll:tbb.dll (00007FFF9EF10000), size: 303104 (result: 0), SymType: '-deferred-', PDB: '', fileVersion: 2020.3.2022.1111
C:\Program Files\Unity\Hub\Editor\6000.2.2f1\Editor\OpenRL_pthread.dll:OpenRL_pthread.dll (000001DD50C40000), size: 61440 (result: 0), SymType: '-deferred-', PDB: '', fileVersion: 2.9.0.0
C:\WINDOWS\SYSTEM32\UMPDC.dll:UMPDC.dll (00007FF85E0C0000), size: 81920 (result: 0), SymType: '-deferred-', PDB: '', fileVersion: 10.0.26100.7019
C:\WINDOWS\SYSTEM32\MSASN1.dll:MSASN1.dll (00007FF85D980000), size: 77824 (result: 0), SymType: '-deferred-', PDB: '', fileVersion: 10.0.26100.7623
C:\WINDOWS\System32\bcryptprimitives.dll:bcryptprimitives.dll (00007FF85EC30000), size: 675840 (result: 0), SymType: '-deferred-', PDB: '', fileVersion: 10.0.26100.7623
C:\WINDOWS\SYSTEM32\kernel.appcore.dll:kernel.appcore.dll (00007FF85CFD0000), size: 110592 (result: 0), SymType: '-deferred-', PDB: '', fileVersion: 10.0.26100.7920
C:\WINDOWS\system32\uxtheme.dll:uxtheme.dll (00007FF85BBA0000), size: 696320 (result: 0), SymType: '-deferred-', PDB: '', fileVersion: 10.0.26100.7920
C:\WINDOWS\System32\SHCORE.dll:SHCORE.dll (00007FF8613A0000), size: 1011712 (result: 0), SymType: '-deferred-', PDB: '', fileVersion: 10.0.26100.7920
C:\WINDOWS\SYSTEM32\profapi.dll:profapi.dll (00007FF85E1A0000), size: 167936 (result: 0), SymType: '-deferred-', PDB: '', fileVersion: 10.0.26100.7309
C:\WINDOWS\SYSTEM32\CRYPTSP.dll:CRYPTSP.dll (00007FF85D920000), size: 110592 (result: 0), SymType: '-deferred-', PDB: '', fileVersion: 10.0.26100.7705
C:\WINDOWS\system32\IconCodecService.dll:IconCodecService.dll (00007FF8518D0000), size: 45056 (result: 0), SymType: '-deferred-', PDB: '', fileVersion: 10.0.26100.1
C:\WINDOWS\system32\rsaenh.dll:rsaenh.dll (00007FF85CF30000), size: 233472 (result: 0), SymType: '-deferred-', PDB: '', fileVersion: 10.0.26100.7705
C:\WINDOWS\SYSTEM32\WindowsCodecs.dll:WindowsCodecs.dll (00007FF859C10000), size: 2281472 (result: 0), SymType: '-deferred-', PDB: '', fileVersion: 10.0.26100.7920
C:\WINDOWS\SYSTEM32\CRYPTBASE.dll:CRYPTBASE.dll (00007FF85D780000), size: 49152 (result: 0), SymType: '-deferred-', PDB: '', fileVersion: 10.0.26100.7623
C:\WINDOWS\System32\clbcatq.dll:clbcatq.dll (00007FF860320000), size: 712704 (result: 0), SymType: '-deferred-', PDB: '', fileVersion: 2001.12.10941.16384
C:\WINDOWS\System32\imagehlp.dll:imagehlp.dll (00007FF860090000), size: 131072 (result: 0), SymType: '-deferred-', PDB: '', fileVersion: 10.0.26100.4202
C:\WINDOWS\System32\netprofm.dll:netprofm.dll (00007FF857F00000), size: 454656 (result: 0), SymType: '-deferred-', PDB: '', fileVersion: 10.0.26100.7920
C:\WINDOWS\SYSTEM32\dbghelp.dll:dbghelp.dll (00007FF85B800000), size: 2367488 (result: 0), SymType: '-deferred-', PDB: '', fileVersion: 10.0.26100.5074

========== OUTPUTTING STACK TRACE ==================

0x00007FF85E7B73FA (KERNELBASE) RaiseException
[Licensing::Client] Code 10 while verifying Licensing Client signature (process Id: 5240, path: "C:/Program Files/Unity Hub/UnityLicensingClient_V1/Unity.Licensing.Client.exe")
[Licensing::Module] LicensingClient has failed validation; ignoring
[Licensing::Client] Handshaking with LicensingClient:
  Version:                 1.17.4+4293ba1
  Session Id:              e044bed99d81482f9ac9afe5509490e8
  Correlation Id:          f6b6fa9ef5d96da0de79c96ab662d03e
  External correlation Id: 9152686115253196710
  Machine Id:              P47Y2ycjHt4FVEYIdUg43DEV3ew=
[Licensing::Module] Successfully connected to LicensingClient on channel: "LicenseClient-Achak" (connect: 0.00s, validation: 0.00s, handshake: 0.12s)
[Licensing::IpcConnector] Successfully connected to: "LicenseClient-Achak-notifications" at "2026-03-28T03:31:32.2428205Z"
[Licensing::Module] Error: Access token is unavailable; failed to update
[Licensing::Client] Successfully resolved entitlement details
[Licensing::Module] License group:
  Id: 3573666949630-UnityPersXXXX
  Product: Unity Personal
  Type: Assigned
  Expiration: Unlimited
[Licensing::Client] Successfully updated license, isAsync: True, time: 0.00
[Licensing::Module] Licensing Background thread has ended after 0.14s
0x00007FFF857CEEB9 (Unity) EditorMonoConsole::LogToConsoleImplementation
0x00007FFF857CFBA0 (Unity) EditorMonoConsole::LogToConsoleImplementation
0x00007FFF8647A17D (Unity) DebugStringToFilePostprocessedStacktrace
0x00007FFF864794F9 (Unity) DebugStringToFile
0x00007FFF858C8815 (Unity) HandleProjectAlreadyOpenInAnotherInstance
0x00007FFF858CA66D (Unity) Application::InitializeProject
0x00007FFF85EAEFB5 (Unity) UnityMain
0x00007FF7EFC72F2A (Unity) __scrt_common_main_seh
0x00007FF860CEE8D7 (KERNEL32) BaseThreadInitThunk
0x00007FF861A2C48C (ntdll) RtlUserThreadStart

========== END OF STACKTRACE ===========

A crash has been intercepted by the crash handler. For call stack and other details, see the latest crash report generated in:
 * C:/Users/Achak/AppData/Local/Temp/Unity/Editor/Crashes
